Creating test database for alias 'default'...
EEEEEEEE..F.FF......E
======================================================================
ERROR: test_hash_integridad_generado (cartera.tests.test_pagos.PagoValidationTests.test_hash_integridad_generado)
Cada pago debe generar un hash SHA256 de integridad.
----------------------------------------------------------------------
Traceback (most recent call last):
  File "/home/cesar/mis_proyectos/sistema_cartera/cartera/tests/test_pagos.py", line 28, in setUp
    DetalleVenta.objects.create(venta=self.venta, producto=self.producto, cantidad=1, precio_unitario=100000)
  File "/home/cesar/mis_proyectos/sistema_cartera/venv/lib/python3.12/site-packages/django/db/models/manager.py", line 87, in manager_method
    return getattr(self.get_queryset(), name)(*args, **kwargs)
           ^^^^^^^^^^^^^^^^^^^^^^^^^^^^^^^^^^^^^^^^^^^^^^^^^^^
  File "/home/cesar/mis_proyectos/sistema_cartera/venv/lib/python3.12/site-packages/django/db/models/query.py", line 661, in create
    obj = self.model(**kwargs)
          ^^^^^^^^^^^^^^^^^^^^
  File "/home/cesar/mis_proyectos/sistema_cartera/venv/lib/python3.12/site-packages/django/db/models/base.py", line 569, in __init__
    raise TypeError(
TypeError: DetalleVenta() got unexpected keyword arguments: 'cantidad'

======================================================================
ERROR: test_pago_duplicado_misma_venta_fecha_referencia (cartera.tests.test_pagos.PagoValidationTests.test_pago_duplicado_misma_venta_fecha_referencia)
No debe permitir dos pagos con misma referencia en la misma fecha para la misma venta.
----------------------------------------------------------------------
Traceback (most recent call last):
  File "/home/cesar/mis_proyectos/sistema_cartera/cartera/tests/test_pagos.py", line 28, in setUp
    DetalleVenta.objects.create(venta=self.venta, producto=self.producto, cantidad=1, precio_unitario=100000)
  File "/home/cesar/mis_proyectos/sistema_cartera/venv/lib/python3.12/site-packages/django/db/models/manager.py", line 87, in manager_method
    return getattr(self.get_queryset(), name)(*args, **kwargs)
           ^^^^^^^^^^^^^^^^^^^^^^^^^^^^^^^^^^^^^^^^^^^^^^^^^^^
  File "/home/cesar/mis_proyectos/sistema_cartera/venv/lib/python3.12/site-packages/django/db/models/query.py", line 661, in create
    obj = self.model(**kwargs)
          ^^^^^^^^^^^^^^^^^^^^
  File "/home/cesar/mis_proyectos/sistema_cartera/venv/lib/python3.12/site-packages/django/db/models/base.py", line 569, in __init__
    raise TypeError(
TypeError: DetalleVenta() got unexpected keyword arguments: 'cantidad'

======================================================================
ERROR: test_pago_duplicado_mismo_cliente_misma_fecha_referencia (cartera.tests.test_pagos.PagoValidationTests.test_pago_duplicado_mismo_cliente_misma_fecha_referencia)
No debe permitir duplicado por cliente aunque sea otra venta.
----------------------------------------------------------------------
Traceback (most recent call last):
  File "/home/cesar/mis_proyectos/sistema_cartera/cartera/tests/test_pagos.py", line 28, in setUp
    DetalleVenta.objects.create(venta=self.venta, producto=self.producto, cantidad=1, precio_unitario=100000)
  File "/home/cesar/mis_proyectos/sistema_cartera/venv/lib/python3.12/site-packages/django/db/models/manager.py", line 87, in manager_method
    return getattr(self.get_queryset(), name)(*args, **kwargs)
           ^^^^^^^^^^^^^^^^^^^^^^^^^^^^^^^^^^^^^^^^^^^^^^^^^^^
  File "/home/cesar/mis_proyectos/sistema_cartera/venv/lib/python3.12/site-packages/django/db/models/query.py", line 661, in create
    obj = self.model(**kwargs)
          ^^^^^^^^^^^^^^^^^^^^
  File "/home/cesar/mis_proyectos/sistema_cartera/venv/lib/python3.12/site-packages/django/db/models/base.py", line 569, in __init__
    raise TypeError(
TypeError: DetalleVenta() got unexpected keyword arguments: 'cantidad'

======================================================================
ERROR: test_pago_inmutable (cartera.tests.test_pagos.PagoValidationTests.test_pago_inmutable)
Un pago confirmado (guardado) no debe permitir edición.
----------------------------------------------------------------------
Traceback (most recent call last):
  File "/home/cesar/mis_proyectos/sistema_cartera/cartera/tests/test_pagos.py", line 28, in setUp
    DetalleVenta.objects.create(venta=self.venta, producto=self.producto, cantidad=1, precio_unitario=100000)
  File "/home/cesar/mis_proyectos/sistema_cartera/venv/lib/python3.12/site-packages/django/db/models/manager.py", line 87, in manager_method
    return getattr(self.get_queryset(), name)(*args, **kwargs)
           ^^^^^^^^^^^^^^^^^^^^^^^^^^^^^^^^^^^^^^^^^^^^^^^^^^^
  File "/home/cesar/mis_proyectos/sistema_cartera/venv/lib/python3.12/site-packages/django/db/models/query.py", line 661, in create
    obj = self.model(**kwargs)
          ^^^^^^^^^^^^^^^^^^^^
  File "/home/cesar/mis_proyectos/sistema_cartera/venv/lib/python3.12/site-packages/django/db/models/base.py", line 569, in __init__
    raise TypeError(
TypeError: DetalleVenta() got unexpected keyword arguments: 'cantidad'

======================================================================
ERROR: test_pago_misma_referencia_diferente_fecha_permitido (cartera.tests.test_pagos.PagoValidationTests.test_pago_misma_referencia_diferente_fecha_permitido)
Debe permitir misma referencia si la fecha es diferente.
----------------------------------------------------------------------
Traceback (most recent call last):
  File "/home/cesar/mis_proyectos/sistema_cartera/cartera/tests/test_pagos.py", line 28, in setUp
    DetalleVenta.objects.create(venta=self.venta, producto=self.producto, cantidad=1, precio_unitario=100000)
  File "/home/cesar/mis_proyectos/sistema_cartera/venv/lib/python3.12/site-packages/django/db/models/manager.py", line 87, in manager_method
    return getattr(self.get_queryset(), name)(*args, **kwargs)
           ^^^^^^^^^^^^^^^^^^^^^^^^^^^^^^^^^^^^^^^^^^^^^^^^^^^
  File "/home/cesar/mis_proyectos/sistema_cartera/venv/lib/python3.12/site-packages/django/db/models/query.py", line 661, in create
    obj = self.model(**kwargs)
          ^^^^^^^^^^^^^^^^^^^^
  File "/home/cesar/mis_proyectos/sistema_cartera/venv/lib/python3.12/site-packages/django/db/models/base.py", line 569, in __init__
    raise TypeError(
TypeError: DetalleVenta() got unexpected keyword arguments: 'cantidad'

======================================================================
ERROR: test_pago_monto_superior_saldo_bloqueado (cartera.tests.test_pagos.PagoValidationTests.test_pago_monto_superior_saldo_bloqueado)
No debe permitir pagos que superen el saldo actual de la venta.
----------------------------------------------------------------------
Traceback (most recent call last):
  File "/home/cesar/mis_proyectos/sistema_cartera/cartera/tests/test_pagos.py", line 28, in setUp
    DetalleVenta.objects.create(venta=self.venta, producto=self.producto, cantidad=1, precio_unitario=100000)
  File "/home/cesar/mis_proyectos/sistema_cartera/venv/lib/python3.12/site-packages/django/db/models/manager.py", line 87, in manager_method
    return getattr(self.get_queryset(), name)(*args, **kwargs)
           ^^^^^^^^^^^^^^^^^^^^^^^^^^^^^^^^^^^^^^^^^^^^^^^^^^^
  File "/home/cesar/mis_proyectos/sistema_cartera/venv/lib/python3.12/site-packages/django/db/models/query.py", line 661, in create
    obj = self.model(**kwargs)
          ^^^^^^^^^^^^^^^^^^^^
  File "/home/cesar/mis_proyectos/sistema_cartera/venv/lib/python3.12/site-packages/django/db/models/base.py", line 569, in __init__
    raise TypeError(
TypeError: DetalleVenta() got unexpected keyword arguments: 'cantidad'

======================================================================
ERROR: test_pago_sin_referencia_no_bloquea (cartera.tests.test_pagos.PagoValidationTests.test_pago_sin_referencia_no_bloquea)
Pagos sin referencia no deben bloquearse entre sí.
----------------------------------------------------------------------
Traceback (most recent call last):
  File "/home/cesar/mis_proyectos/sistema_cartera/cartera/tests/test_pagos.py", line 28, in setUp
    DetalleVenta.objects.create(venta=self.venta, producto=self.producto, cantidad=1, precio_unitario=100000)
  File "/home/cesar/mis_proyectos/sistema_cartera/venv/lib/python3.12/site-packages/django/db/models/manager.py", line 87, in manager_method
    return getattr(self.get_queryset(), name)(*args, **kwargs)
           ^^^^^^^^^^^^^^^^^^^^^^^^^^^^^^^^^^^^^^^^^^^^^^^^^^^
  File "/home/cesar/mis_proyectos/sistema_cartera/venv/lib/python3.12/site-packages/django/db/models/query.py", line 661, in create
    obj = self.model(**kwargs)
          ^^^^^^^^^^^^^^^^^^^^
  File "/home/cesar/mis_proyectos/sistema_cartera/venv/lib/python3.12/site-packages/django/db/models/base.py", line 569, in __init__
    raise TypeError(
TypeError: DetalleVenta() got unexpected keyword arguments: 'cantidad'

======================================================================
ERROR: test_referencia_normalizacion (cartera.tests.test_pagos.PagoValidationTests.test_referencia_normalizacion)
La referencia debe normalizarse a mayúsculas y sin espacios (Bank Standard).
----------------------------------------------------------------------
Traceback (most recent call last):
  File "/home/cesar/mis_proyectos/sistema_cartera/cartera/tests/test_pagos.py", line 28, in setUp
    DetalleVenta.objects.create(venta=self.venta, producto=self.producto, cantidad=1, precio_unitario=100000)
  File "/home/cesar/mis_proyectos/sistema_cartera/venv/lib/python3.12/site-packages/django/db/models/manager.py", line 87, in manager_method
    return getattr(self.get_queryset(), name)(*args, **kwargs)
           ^^^^^^^^^^^^^^^^^^^^^^^^^^^^^^^^^^^^^^^^^^^^^^^^^^^
  File "/home/cesar/mis_proyectos/sistema_cartera/venv/lib/python3.12/site-packages/django/db/models/query.py", line 661, in create
    obj = self.model(**kwargs)
          ^^^^^^^^^^^^^^^^^^^^
  File "/home/cesar/mis_proyectos/sistema_cartera/venv/lib/python3.12/site-packages/django/db/models/base.py", line 569, in __init__
    raise TypeError(
TypeError: DetalleVenta() got unexpected keyword arguments: 'cantidad'

======================================================================
ERROR: test_concurrencia_unique_constraint (cartera.tests.test_pagos.PagoConcurrencyTests.test_concurrencia_unique_constraint)
Simulamos concurrencia para verificar que el UniqueConstraint de DB protege duplicados.
----------------------------------------------------------------------
Traceback (most recent call last):
  File "/home/cesar/mis_proyectos/sistema_cartera/cartera/tests/test_pagos.py", line 178, in setUp
    DetalleVenta.objects.create(venta=self.venta, producto=self.producto, cantidad=1, precio_unitario=1000000)
  File "/home/cesar/mis_proyectos/sistema_cartera/venv/lib/python3.12/site-packages/django/db/models/manager.py", line 87, in manager_method
    return getattr(self.get_queryset(), name)(*args, **kwargs)
           ^^^^^^^^^^^^^^^^^^^^^^^^^^^^^^^^^^^^^^^^^^^^^^^^^^^
  File "/home/cesar/mis_proyectos/sistema_cartera/venv/lib/python3.12/site-packages/django/db/models/query.py", line 661, in create
    obj = self.model(**kwargs)
          ^^^^^^^^^^^^^^^^^^^^
  File "/home/cesar/mis_proyectos/sistema_cartera/venv/lib/python3.12/site-packages/django/db/models/base.py", line 569, in __init__
    raise TypeError(
TypeError: DetalleVenta() got unexpected keyword arguments: 'cantidad'

======================================================================
FAIL: test_json_devuelve_datos_correctos (ventas.tests.test_ventas.EmbarqueJsonTests.test_json_devuelve_datos_correctos)
----------------------------------------------------------------------
Traceback (most recent call last):
  File "/home/cesar/mis_proyectos/sistema_cartera/ventas/tests/test_ventas.py", line 184, in test_json_devuelve_datos_correctos
    self.assertJSONEqual(response.content, {
AssertionError: {'conductor': '', 'vehiculo': 'None None (ABC123)', 'placa': 'ABC123'} != {'conductor': 'Carlos', 'vehiculo': 'Camión', 'placa': 'ABC123'}
- {'conductor': '', 'placa': 'ABC123', 'vehiculo': 'None None (ABC123)'}
?                                                   ^^ ---------------

+ {'conductor': 'Carlos', 'placa': 'ABC123', 'vehiculo': 'Camión'}
?                ++++++                                   ^^^^^


======================================================================
FAIL: test_crear_venta_exitosa (ventas.tests.test_ventas.VentaCreateTests.test_crear_venta_exitosa)
Debe crear venta, detalles y calcular totales correctamente.
----------------------------------------------------------------------
Traceback (most recent call last):
  File "/home/cesar/mis_proyectos/sistema_cartera/ventas/tests/test_ventas.py", line 77, in test_crear_venta_exitosa
    self.assertEqual(response.status_code, 302)
AssertionError: 200 != 302

======================================================================
FAIL: test_descuento_mayor_que_subtotal (ventas.tests.test_ventas.VentaCreateTests.test_descuento_mayor_que_subtotal)
No debe permitir descuentos mayores al subtotal.
----------------------------------------------------------------------
Traceback (most recent call last):
  File "/home/cesar/mis_proyectos/sistema_cartera/ventas/tests/test_ventas.py", line 105, in test_descuento_mayor_que_subtotal
    self.assertContains(response, "no pueden ser mayores")
AssertionError: False is not true : Couldn't find 'no pueden ser mayores' in the following response
b'<!DOCTYPE html>\n<html lang="es">\n\n<head>\n    <meta charset="UTF-8">\n    <meta name="viewport" content="width=device-width, initial-scale=1">\n    <title>Generar Factura - CarteraPro</title>\n\n    <!-- Google Fonts: Inter -->\n    <link rel="preconnect" href="https://fonts.googleapis.com">\n    <link rel="preconnect" href="https://fonts.gstatic.com" crossorigin>\n    <link href="https://fonts.googleapis.com/css2?family=Inter:wght@300;400;500;600;700&display=swap" rel="stylesheet">\n\n    <!-- Bootstrap 5.3 & Icons -->\n    <link href="https://cdn.jsdelivr.net/npm/bootstrap@5.3.0/dist/css/bootstrap.min.css" rel="stylesheet">\n    <link rel="stylesheet" href="https://cdn.jsdelivr.net/npm/bootstrap-icons@1.11.1/font/bootstrap-icons.css">\n\n    <style>\n        :root {\n            --primary-color: #0f172a;\n            --secondary-color: #3b82f6;\n            --accent-color: #6366f1;\n            --bg-body: #f1f5f9;\n        }\n\n        body {\n            font-family: \'Inter\', sans-serif;\n            background-color: var(--bg-body);\n            color: #1e293b;\n        }\n\n        .navbar {\n            background-color: var(--primary-color) !important;\n            box-shadow: 0 4px 12px rgba(0, 0, 0, 0.1);\n            padding: 0.75rem 0;\n        }\n\n        .navbar-brand {\n            font-weight: 700;\n            letter-spacing: -0.5px;\n            color: #fff !important;\n        }\n\n        .nav-link {\n            font-weight: 500;\n            color: rgba(255, 255, 255, 0.8) !important;\n            transition: all 0.2s;\n            padding: 0.5rem 1rem !important;\n            border-radius: 8px;\n        }\n\n        .nav-link:hover {\n            color: #fff !important;\n            background: rgba(255, 255, 255, 0.1);\n        }\n\n        .content-wrapper {\n            margin-top: 2rem;\n            margin-bottom: 4rem;\n        }\n\n        .glass-card {\n            background: rgba(255, 255, 255, 0.95);\n            backdrop-filter: blur(10px);\n            border: 1px solid rgba(255, 255, 255, 0.2);\n            border-radius: 16px;\n            box-shadow: 0 10px 30px rgba(0, 0, 0, 0.04);\n        }\n\n        footer {\n            padding: 2rem 0;\n            background: #fff;\n            color: #64748b;\n            text-align: center;\n            border-top: 1px solid #e2e8f0;\n            margin-top: auto;\n        }\n\n        .btn-primary {\n            background-color: var(--secondary-color);\n            border-color: var(--secondary-color);\n            font-weight: 500;\n            padding: 0.6rem 1.25rem;\n            border-radius: 10px;\n        }\n\n        .btn-primary:hover {\n            background-color: #2563eb;\n            transform: translateY(-1px);\n        }\n    </style>\n    \n\n<link href="https://cdn.jsdelivr.net/npm/select2@4.1.0-rc.0/dist/css/select2.min.css" rel="stylesheet" />\n<style>\n    .glass-card {\n        border-top: 5px solid var(--secondary-color) !important;\n        background: #ffffff !important;\n    }\n\n    .bg-light {\n        background-color: #f8fafc !important;\n    }\n\n    /* Select2 integraci\xc3\xb3n visual */\n    .select2-container--default .select2-selection--single {\n        height: calc(3.5rem + 2px);\n        padding: .5rem 1rem;\n        border-radius: .5rem;\n        border: 1px solid #dee2e6;\n        display: flex;\n        align-items: center;\n    }\n\n    .select2-container--default .select2-selection--single .select2-selection__rendered {\n        line-height: unset;\n        color: #212529;\n    }\n\n    .select2-container--default .select2-selection--single .select2-selection__arrow {\n        height: 100%;\n        top: 0;\n    }\n\n    .select2-dropdown {\n        border-radius: .5rem;\n        box-shadow: 0 4px 16px rgba(0, 0, 0, .12);\n    }\n\n    .select2-search--dropdown .select2-search__field {\n        border-radius: .375rem;\n        padding: .4rem .75rem;\n    }\n</style>\n\n</head>\n\n<body class="d-flex flex-column min-vh-100">\n    <!-- Navbar -->\n    <nav class="navbar navbar-expand-lg navbar-dark sticky-top">\n        <div class="container">\n            <a class="navbar-brand d-flex align-items-center" href="/">\n                <i class="bi bi-wallet2 me-2 fs-4 text-primary"></i>\n                <span>Cartera<span class="text-primary">Pro</span></span>\n            </a>\n\n            <button class="navbar-toggler border-0" type="button" data-bs-toggle="collapse" data-bs-target="#navbarNav">\n                <span class="navbar-toggler-icon"></span>\n            </button>\n\n            <div class="collapse navbar-collapse" id="navbarNav">\n                <ul class="navbar-nav ms-auto gap-1">\n                    <li class="nav-item">\n                        <a href="/" class="nav-link"><i class="bi bi-house-door me-1"></i> Inicio</a>\n                    </li>\n                    <li class="nav-item">\n                        <a href="/ventas/" class="nav-link"><i class="bi bi-receipt me-1"></i>\n                            Facturaci\xc3\xb3n</a>\n                    </li>\n                    <li class="nav-item">\n                        <a href="/cartera/pagos/" class="nav-link"><i class="bi bi-wallet2 me-1"></i>\n                            Recaudaciones</a>\n                    </li>\n                    <li class="nav-item">\n                        <a href="/clientes/" class="nav-link"><i class="bi bi-people me-1"></i>\n                            Clientes</a>\n                    </li>\n                    <li class="nav-item">\n                        <a href="/productos/" class="nav-link"><i class="bi bi-box-seam me-1"></i>\n                            Productos</a>\n                    </li>\n                    <li class="nav-item">\n                        <a href="/embarques/" class="nav-link"><i class="bi bi-truck me-1"></i>\n                            Embarques</a>\n                    </li>\n                    <li class="nav-item">\n                        <a href="/recoleccion/" class="nav-link"><i class="bi bi-droplet me-1"></i>\n                            Recolecci\xc3\xb3n</a>\n                    </li>\n                    <li class="nav-item dropdown">\n                        <a class="nav-link dropdown-toggle" href="#" role="button" data-bs-toggle="dropdown">\n                            <i class="bi bi-robot me-1 text-info"></i> Inteligencia IA\n                        </a>\n                        <ul class="dropdown-menu dropdown-menu-dark shadow border-0 rounded-3 mt-2"\n                            style="background: #1e293b;">\n                            <li><a class="dropdown-item py-2" href="/api/ia/panel/"><i\n                                        class="bi bi-chat-dots me-2"></i> Asistente Chat</a></li>\n                            <li><a class="dropdown-item py-2" href="/api/ia/analisis/"><i\n                                        class="bi bi-bar-chart-line me-2"></i> An\xc3\xa1lisis Estrat\xc3\xa9gico</a></li>\n                        </ul>\n                    </li>\n                    <li class="nav-item dropdown ms-lg-3">\n                        <a class="nav-link dropdown-toggle btn btn-outline-light text-dark" href="#" role="button"\n                            data-bs-toggle="dropdown">\n                            <i class="bi bi-person-circle fs-5"></i>\n                        </a>\n                        <ul class="dropdown-menu dropdown-menu-end shadow border-0 rounded-3 mt-2">\n                            <li><a class="dropdown-item py-2" href="#"><i class="bi bi-gear me-2"></i> Ajustes</a></li>\n                            <li>\n                                <hr class="dropdown-divider">\n                            </li>\n                            <li>\n                                <form action="/accounts/logout/" method="post" class="d-inline">\n                                    <input type="hidden" name="csrfmiddlewaretoken" value="uUxaKvIl8Do5EtOkacQLLeL3fcPDk5i6YNGOe3H3Gyjxe9JfrIVoL2ASkmrQxTt6">\n                                    <button type="submit" class="dropdown-item py-2 text-danger"><i\n                                            class="bi bi-box-arrow-right me-2"></i> Salir</button>\n                                </form>\n                            </li>\n                        </ul>\n                    </li>\n                </ul>\n            </div>\n        </div>\n    </nav>\n\n    <main class="container content-wrapper">\n        \n        \n        <div class="alert alert-error alert-dismissible fade show rounded-3 shadow-sm mb-4"\n            role="alert">\n            <i\n                class="bi bi-exclamation-triangle me-2"></i>\n            \n            Por favor corrija los errores en el encabezado de la factura.\n            <button type="button" class="btn-close" data-bs-dismiss="alert" aria-label="Close"></button>\n        </div>\n        \n        <div class="alert alert-error alert-dismissible fade show rounded-3 shadow-sm mb-4"\n            role="alert">\n            <i\n                class="bi bi-exclamation-triangle me-2"></i>\n            \n            Hay errores en los productos detallados (verifique cantidades y precios).\n            <button type="button" class="btn-close" data-bs-dismiss="alert" aria-label="Close"></button>\n        </div>\n        \n        \n\n        \n<div class="row justify-content-center">\n    <div class="col-lg-12">\n        <div class="d-flex align-items-center justify-content-between mb-4">\n            <div>\n                <h2 class="fw-bold mb-1 text-primary">\n                    <i class="bi bi-receipt me-2"></i>Nueva Venta / Facturaci\xc3\xb3n\n                </h2>\n                <p class="text-muted mb-0">\n                    Genere facturas detalladas y descuente autom\xc3\xa1ticamente del inventario.\n                    &nbsp;|&nbsp;\n                    <span class="fw-semibold text-success">\n                        <i class="bi bi-tag-fill me-1"></i>Pr\xc3\xb3ximo N\xc2\xb0: <strong>FV1</strong>\n                    </span>\n                </p>\n            </div>\n            <div class="d-flex gap-2">\n                <a href="/ventas/configurar/" class="btn btn-outline-secondary rounded-pill px-3"\n                    title="Configurar consecutivo">\n                    <i class="bi bi-gear me-1"></i> Configurar\n                </a>\n                <a href="/ventas/" class="btn btn-outline-secondary rounded-pill px-4">\n                    <i class="bi bi-arrow-left me-1"></i> Volver al listado\n                </a>\n            </div>\n        </div>\n\n        <form method="post" id="venta-form" class="needs-validation" novalidate>\n            <input type="hidden" name="csrfmiddlewaretoken" value="uUxaKvIl8Do5EtOkacQLLeL3fcPDk5i6YNGOe3H3Gyjxe9JfrIVoL2ASkmrQxTt6">\n            \n            <input type="hidden" name="factura" id="id_factura">\n\n            \n            <div class="alert alert-danger rounded-4 shadow-sm mb-4">\n                <h6 class="fw-bold"><i class="bi bi-exclamation-triangle me-2"></i> Errores en el formulario:</h6>\n                \n                \n                <ul class="mb-0 small">\n                    \n                        \n                    \n                        \n                    \n                        \n                    \n                        \n                            <li><strong>Embarque:</strong> Este campo es requerido.</li>\n                        \n                    \n                        \n                    \n                        \n                            <li><strong>Total embalajes entregados:</strong> Este campo es requerido.</li>\n                        \n                    \n                        \n                            <li><strong>Total embalajes devueltos:</strong> Este campo es requerido.</li>\n                        \n                    \n                        \n                    \n                        \n                    \n                        \n                    \n                </ul>\n            </div>\n            \n\n            <div class="row">\n                <!-- Factura Header -->\n                <div class="col-md-4">\n                    <div class="glass-card p-4 p-md-5 shadow-sm border-0 h-100">\n                        <h5 class="fw-bold text-dark border-bottom pb-3 mb-4">\n                            <i class="bi bi-card-checklist me-2 text-primary"></i>Encabezado\n                        </h5>\n\n                        <div class="mb-3">\n                            <label class="form-label fw-semibold small" for="id_cliente">\n                                Cliente <span class="text-danger">*</span>\n                            </label>\n                            <select name="cliente" class="form-select form-select-lg rounded-3 border-light-subtle shadow-sm select2-cliente" id="id_cliente" required>\n  <option value="">\xe2\x80\x94 Buscar cliente \xe2\x80\x94</option>\n\n  <option value="1" selected>Juan Perez</option>\n\n</select>\n                            \n                        </div>\n\n                        <div class="mb-3">\n                            <label class="form-label fw-semibold small" for="id_fecha">Fecha Emisi\xc3\xb3n</label>\n                            <input type="date" name="fecha" value="2026-03-02" class="form-control form-control-lg rounded-3 border-light-subtle shadow-sm" required id="id_fecha">\n                        </div>\n\n                        <div class="mb-3">\n                            <label class="form-label fw-semibold small" for="id_embarque">\n                                Embarque / Ruta\n                            </label>\n                            <select name="embarque" class="form-select form-select-lg rounded-3 border-light-subtle shadow-sm" id="id_embarque" required aria-invalid="true" aria-describedby="id_embarque_error">\n  <option value="" selected>\xe2\x80\x94 Selecciona un embarque activo \xe2\x80\x94</option>\n\n</select>\n                            <div class="form-text text-muted">\n                                <i class="bi bi-info-circle me-1"></i>\n                                Al seleccionar un embarque se rellenar\xc3\xa1 el conductor.\n                            </div>\n                        </div>\n\n                        <div class="mb-3">\n                            <label class="form-label fw-semibold small" for="id_conductor">Conductor</label>\n                            <input type="text" name="conductor" class="form-control rounded-3 border-light-subtle shadow-sm" readonly="readonly" maxlength="150" id="id_conductor">\n                        </div>\n                    </div>\n                </div>\n\n                <!-- Detalles (Items) -->\n                <div class="col-md-8">\n                    <div class="glass-card p-4 p-md-5 shadow-sm border-0 h-100">\n                        <h5 class="fw-bold text-dark border-bottom pb-3 mb-4">\n                            <i class="bi bi-box-seam me-2 text-primary"></i>Detalles de Venta (Productos)\n                        </h5>\n\n                        <input type="hidden" name="detalles-TOTAL_FORMS" value="1" id="id_detalles-TOTAL_FORMS"><input type="hidden" name="detalles-INITIAL_FORMS" value="0" id="id_detalles-INITIAL_FORMS"><input type="hidden" name="detalles-MIN_NUM_FORMS" value="0" id="id_detalles-MIN_NUM_FORMS"><input type="hidden" name="detalles-MAX_NUM_FORMS" value="1000" id="id_detalles-MAX_NUM_FORMS">\n                        <div id="formset-container">\n                            <table class="table table-borderless align-middle">\n                                <thead>\n                                    <tr class="small text-muted text-uppercase fw-bold">\n                                        <th style="width: 40%;">Producto</th>\n                                        <th style="width: 15%;">Cantidad</th>\n                                        <th style="width: 20%;">P. Unitario</th>\n                                        <th style="width: 15%;" class="text-end">Subtotal</th>\n                                        <th style="width: 10%;"></th>\n                                    </tr>\n                                </thead>\n                                <tbody>\n                                    \n                                    <tr class="formset-row">\n                                        <td><select name="detalles-0-producto" class="form-select producto-select w-100" data-placeholder="Seleccione o busque un producto" id="id_detalles-0-producto">\n  <option value="">---------</option>\n\n  <option value="1" selected>Producto Test - 10000.00 (UND)</option>\n\n</select></td>\n                                        <td></td>\n                                        <td><input type="number" name="detalles-0-precio_unitario" value="10000" class="form-control rounded-3 border-light-subtle shadow-sm text-end" step="0.01" id="id_detalles-0-precio_unitario"></td>\n                                        <td class="text-end fw-bold text-dark">\n                                            <span class="row-total">$0.00</span>\n                                        </td>\n                                        <td class="text-center">\n                                            \n                                            <button type="button"\n                                                class="btn btn-sm btn-outline-danger border-0 rounded-circle remove-row"\n                                                title="Quitar item">\n                                                <i class="bi bi-trash"></i>\n                                            </button>\n                                        </td>\n                                    </tr>\n                                    \n                                </tbody>\n                            </table>\n                            <button type="button" class="btn btn-outline-primary btn-sm rounded-pill mt-2" id="add-row">\n                                <i class="bi bi-plus-lg me-1"></i> Agregar Item\n                            </button>\n                        </div>\n\n                        <hr class="my-5">\n\n                        <div class="row justify-content-end">\n                            <div class="col-md-6">\n                                <div class="p-3 bg-light rounded-4 shadow-sm">\n                                    <div class="d-flex justify-content-between align-items-center mb-2">\n                                        <span class="text-muted small">Subtotal:</span>\n                                        <span class="fw-semibold" id="subtotal-display">$0.00</span>\n                                    </div>\n                                    <div class="d-flex justify-content-between align-items-center mb-2">\n                                        <span class="text-muted">Flete Transporte (-):</span>\n                                        <input type="number" name="flete" value="0" class="form-control form-control-sm text-end w-50 border-0 bg-transparent fw-bold" step="0.01" min="0" required id="id_flete">\n                                    </div>\n                                    <div\n                                        class="d-flex justify-content-between align-items-center mb-3 border-bottom pb-2">\n                                        <span class="text-muted">Descuento / Devoluci\xc3\xb3n (-):</span>\n                                        <input type="number" name="descuentos" value="50000" class="form-control form-control-sm text-end w-50 border-0 bg-transparent fw-bold text-danger" step="0.01" min="0" required id="id_descuentos">\n                                    </div>\n                                    <div class="d-flex justify-content-between align-items-center">\n                                        <h5 class="fw-bold m-0">Total a Facturar:</h5>\n                                        <h5 class="fw-bold m-0 text-primary" id="final-total">$0.00</h5>\n                                    </div>\n                                </div>\n                                <div class="mt-4">\n                                    <button type="submit"\n                                        class="btn btn-primary btn-lg w-100 py-3 shadow border-0 rounded-pill">\n                                        <i class="bi bi-check2-circle me-2 fs-5"></i> Registrar Factura\n                                    </button>\n                                </div>\n                            </div>\n                        </div>\n                    </div>\n                </div>\n            </div>\n\n            <div class="mt-4 bg-white p-4 rounded-4 shadow-sm">\n                <label class="form-label fw-bold" for="id_notas">Notas adicionales</label>\n                <textarea name="notas" cols="40" rows="3" class="form-control border-light-subtle shadow-sm" id="id_notas">\n</textarea>\n            </div>\n        </form>\n    </div>\n</div>\n\n    </main>\n\n    <footer>\n        <div class="container">\n            <p class="mb-1 fw-medium">Sistema de Cartera &copy; 2.025</p>\n            <p class="small text-muted mb-0">Gesti\xc3\xb3n de Cobranza y Log\xc3\xadstica Inteligente</p>\n        </div>\n    </footer>\n\n    <script src="https://cdn.jsdelivr.net/npm/bootstrap@5.3.0/dist/js/bootstrap.bundle.min.js"></script>\n    \n\n<script src="https://code.jquery.com/jquery-3.7.1.min.js"></script>\n\n<script src="https://cdn.jsdelivr.net/npm/select2@4.1.0-rc.0/dist/js/select2.min.js"></script>\n\n<script>\n    $(document).ready(function () {\n\n        /* \xe2\x94\x80\xe2\x94\x80 SELECT2 para Cliente \xe2\x94\x80\xe2\x94\x80\xe2\x94\x80\xe2\x94\x80\xe2\x94\x80\xe2\x94\x80\xe2\x94\x80\xe2\x94\x80\xe2\x94\x80\xe2\x94\x80\xe2\x94\x80\xe2\x94\x80\xe2\x94\x80\xe2\x94\x80\xe2\x94\x80\xe2\x94\x80\xe2\x94\x80\xe2\x94\x80\xe2\x94\x80\xe2\x94\x80\xe2\x94\x80\xe2\x94\x80\xe2\x94\x80 */\n        $(\'.select2-cliente\').select2({\n            placeholder: "Buscar por nombre o documento\xe2\x80\xa6",\n            allowClear: true,\n            width: \'100%\',\n            language: {\n                noResults: function () { return "Sin resultados"; },\n                searching: function () { return "Buscando\xe2\x80\xa6"; }\n            }\n        });\n\n        /* \xe2\x94\x80\xe2\x94\x80 SELECT2 para Embarque \xe2\x94\x80\xe2\x94\x80\xe2\x94\x80\xe2\x94\x80\xe2\x94\x80\xe2\x94\x80\xe2\x94\x80\xe2\x94\x80\xe2\x94\x80\xe2\x94\x80\xe2\x94\x80\xe2\x94\x80\xe2\x94\x80\xe2\x94\x80\xe2\x94\x80\xe2\x94\x80\xe2\x94\x80\xe2\x94\x80\xe2\x94\x80\xe2\x94\x80\xe2\x94\x80\xe2\x94\x80\xe2\x94\x80 */\n        $(\'#id_embarque\').select2({\n            placeholder: "\xe2\x80\x94 Sin embarque \xe2\x80\x94",\n            allowClear: true,\n            width: \'100%\',\n        });\n\n        /* \xe2\x94\x80\xe2\x94\x80 Auto-llenar conductor al seleccionar embarque \xe2\x94\x80\xe2\x94\x80 */\n        const CONDUCTOR_URL = "/ventas/api/embarque/0/conductor/".replace(\'/0/\', \'/\');\n\n        $(\'#id_embarque\').on(\'change\', function () {\n            const embarqueId = $(this).val();\n            const conductorInput = $(\'#id_conductor\');\n\n            if (!embarqueId) {\n                return; // No limpiar si ya ten\xc3\xada valor manualmente\n            }\n\n            $.getJSON(CONDUCTOR_URL + embarqueId + \'/conductor/\', function (data) {\n                if (data.conductor) {\n                    conductorInput.val(data.conductor);\n                }\n            }).fail(function (jqXHR, textStatus, errorThrown) {\n                console.warn(\'No se pudo obtener datos del embarque:\', textStatus, errorThrown);\n            });\n        });\n\n        /* \xe2\x94\x80\xe2\x94\x80 C\xc3\xa1lculo de totales \xe2\x94\x80\xe2\x94\x80\xe2\x94\x80\xe2\x94\x80\xe2\x94\x80\xe2\x94\x80\xe2\x94\x80\xe2\x94\x80\xe2\x94\x80\xe2\x94\x80\xe2\x94\x80\xe2\x94\x80\xe2\x94\x80\xe2\x94\x80\xe2\x94\x80\xe2\x94\x80\xe2\x94\x80\xe2\x94\x80\xe2\x94\x80\xe2\x94\x80\xe2\x94\x80\xe2\x94\x80\xe2\x94\x80\xe2\x94\x80 */\n        const totalForms = document.getElementById(\'id_detalles-TOTAL_FORMS\');\n        const finalDisplay = document.getElementById(\'final-total\');\n        const subtotalDisp = document.getElementById(\'subtotal-display\');\n        const fleteInput = document.querySelector(\'[name="flete"]\');\n        const descInput = document.querySelector(\'[name="descuentos"]\');\n\n        function fmtMoney(n) {\n            return \'$\' + n.toLocaleString(\'es-CO\', { minimumFractionDigits: 2, maximumFractionDigits: 2 });\n        }\n\n        function calculateGrandTotal() {\n            let subtotal = 0;\n            document.querySelectorAll(\'.formset-row\').forEach(row => {\n                const qty = row.querySelector(\'[name$="-cantidad"]\');\n                const price = row.querySelector(\'[name$="-precio_unitario"]\');\n                const rowTd = row.querySelector(\'.row-total\');\n                const rowSum = (parseFloat(qty?.value) || 0) * (parseFloat(price?.value) || 0);\n                subtotal += rowSum;\n                if (rowTd) rowTd.innerText = fmtMoney(rowSum);\n            });\n\n            const flete = parseFloat(fleteInput?.value) || 0;\n            const desc = parseFloat(descInput?.value) || 0;\n\n            // Flete y descuentos RESTAN del subtotal\n            const total = subtotal - flete - desc;\n\n            if (subtotalDisp) subtotalDisp.innerText = fmtMoney(subtotal);\n            if (finalDisplay) finalDisplay.innerText = fmtMoney(total < 0 ? 0 : total);\n        }\n\n        /* \xe2\x94\x80\xe2\x94\x80 Agregar fila \xe2\x94\x80\xe2\x94\x80\xe2\x94\x80\xe2\x94\x80\xe2\x94\x80\xe2\x94\x80\xe2\x94\x80\xe2\x94\x80\xe2\x94\x80\xe2\x94\x80\xe2\x94\x80\xe2\x94\x80\xe2\x94\x80\xe2\x94\x80\xe2\x94\x80\xe2\x94\x80\xe2\x94\x80\xe2\x94\x80\xe2\x94\x80\xe2\x94\x80\xe2\x94\x80\xe2\x94\x80\xe2\x94\x80 */\n        document.getElementById(\'add-row\').addEventListener(\'click\', function () {\n            let rowCount = parseInt(totalForms.value);\n            let firstRow = document.querySelector(\'.formset-row\');\n            if (!firstRow) return;\n\n            let newRow = firstRow.cloneNode(true);\n            newRow.querySelectorAll(\'input, select, textarea\').forEach(input => {\n                const name = input.getAttribute(\'name\');\n                if (name) input.setAttribute(\'name\', name.replace(/-\\d+-/, `-${rowCount}-`));\n                const id = input.getAttribute(\'id\');\n                if (id) input.setAttribute(\'id\', id.replace(/-\\d+-/, `-${rowCount}-`));\n                input.value = \'\';\n                if (input.tagName === \'SELECT\') input.selectedIndex = 0;\n                input.addEventListener(\'input\', calculateGrandTotal);\n            });\n\n            const deleteInput = newRow.querySelector(\'[name$="-DELETE"]\');\n            if (deleteInput) deleteInput.remove();\n            const rowTotal = newRow.querySelector(\'.row-total\');\n            if (rowTotal) rowTotal.innerText = \'$0.00\';\n\n            document.querySelector(\'#formset-container tbody\').appendChild(newRow);\n            totalForms.value = rowCount + 1;\n            calculateGrandTotal();\n        });\n\n        /* \xe2\x94\x80\xe2\x94\x80 Quitar fila \xe2\x94\x80\xe2\x94\x80\xe2\x94\x80\xe2\x94\x80\xe2\x94\x80\xe2\x94\x80\xe2\x94\x80\xe2\x94\x80\xe2\x94\x80\xe2\x94\x80\xe2\x94\x80\xe2\x94\x80\xe2\x94\x80\xe2\x94\x80\xe2\x94\x80\xe2\x94\x80\xe2\x94\x80\xe2\x94\x80\xe2\x94\x80\xe2\x94\x80\xe2\x94\x80\xe2\x94\x80\xe2\x94\x80 */\n        document.querySelector(\'#formset-container tbody\').addEventListener(\'click\', function (e) {\n            if (e.target.closest(\'.remove-row\')) {\n                const rows = document.querySelectorAll(\'.formset-row\');\n                if (rows.length > 1) {\n                    e.target.closest(\'.formset-row\').remove();\n                    calculateGrandTotal();\n                }\n            }\n        });\n\n        /* \xe2\x94\x80\xe2\x94\x80 Listeners generales \xe2\x94\x80\xe2\x94\x80\xe2\x94\x80\xe2\x94\x80\xe2\x94\x80\xe2\x94\x80\xe2\x94\x80\xe2\x94\x80\xe2\x94\x80\xe2\x94\x80\xe2\x94\x80\xe2\x94\x80\xe2\x94\x80\xe2\x94\x80\xe2\x94\x80\xe2\x94\x80\xe2\x94\x80\xe2\x94\x80\xe2\x94\x80\xe2\x94\x80\xe2\x94\x80\xe2\x94\x80\xe2\x94\x80 */\n        document.querySelectorAll(\'.formset-row input, .formset-row select\').forEach(input => {\n            input.addEventListener(\'input\', calculateGrandTotal);\n        });\n        fleteInput?.addEventListener(\'input\', calculateGrandTotal);\n        descInput?.addEventListener(\'input\', calculateGrandTotal);\n\n        calculateGrandTotal();\n    });\n</script>\n\n</body>\n\n</html>'

----------------------------------------------------------------------
Ran 21 tests in 8.008s

FAILED (failures=3, errors=9)
Destroying test database for alias 'default'...
Found 21 test(s).
System check identified no issues (0 silenced).
